TOKEN_DIVIDE
TOKEN_MULT
TOKEN_IDENTIFIER This 
TOKEN_IDENTIFIER is 
TOKEN_IDENTIFIER a 
TOKEN_IDENTIFIER comment 
