TOKEN_ARRAY
TOKEN_BOOLEAN
TOKEN_CHARACTER
TOKEN_ELSE
TOKEN_FALSE
TOKEN_FOR
TOKEN_FUNCTION
TOKEN_IF
TOKEN_INTEGER
TOKEN_PRINT
TOKEN_RETURN
TOKEN_STRING
TOKEN_TRUE
TOKEN_VOID
TOKEN_WHILE
TOKEN_COLON
TOKEN_SEMICOLON
TOKEN_COMMA
TOKEN_L_SUB
TOKEN_R_SUB
TOKEN_R_CURLY
TOKEN_L_CURLY
TOKEN_L_PAREN
TOKEN_R_PAREN
TOKEN_ASSIGNMENT
TOKEN_EXP
TOKEN_ADD
TOKEN_SUB
TOKEN_POST_INC
TOKEN_POST_DEC
TOKEN_MULT
TOKEN_DIVIDE
TOKEN_MOD
TOKEN_EQUIV
TOKEN_GE
TOKEN_LE
TOKEN_LT
TOKEN_GT
TOKEN_NOT_EQUIV
TOKEN_IDENTIFIER a 
TOKEN_IDENTIFIER ab 
TOKEN_IDENTIFIER ab3 
TOKEN_IDENTIFIER ab3a 
TOKEN_INTEGER_LITERAL 12314 
TOKEN_INTEGER_LITERAL 1 
TOKEN_INTEGER_LITERAL 12 
TOKEN_INTEGER_LITERAL 123 
TOKEN_CHARACTER_LITERAL A 
TOKEN_STRING_LITERAL  
TOKEN_STRING_LITERAL a 
TOKEN_STRING_LITERAL aa 
