TOKEN_IF
TOKEN_L_PAREN
TOKEN_IDENTIFIER a 
TOKEN_GE
TOKEN_INTEGER_LITERAL 5 
TOKEN_R_PAREN
TOKEN_R_CURLY
TOKEN_PRINT
TOKEN_STRING_LITERAL a >= 5 
TOKEN_SEMICOLON
TOKEN_L_CURLY
TOKEN_IF
TOKEN_L_PAREN
TOKEN_IDENTIFIER a 
TOKEN_GT
TOKEN_INTEGER_LITERAL 5 
TOKEN_R_PAREN
TOKEN_R_CURLY
TOKEN_PRINT
TOKEN_STRING_LITERAL a > 5 
TOKEN_SEMICOLON
TOKEN_L_CURLY
TOKEN_IF
TOKEN_L_PAREN
TOKEN_IDENTIFIER a 
TOKEN_LE
TOKEN_INTEGER_LITERAL 5 
TOKEN_R_PAREN
TOKEN_R_CURLY
TOKEN_PRINT
TOKEN_STRING_LITERAL a <= 5 
TOKEN_SEMICOLON
TOKEN_L_CURLY
TOKEN_IF
TOKEN_L_PAREN
TOKEN_IDENTIFIER a 
TOKEN_LT
TOKEN_INTEGER_LITERAL 5 
TOKEN_R_PAREN
TOKEN_R_CURLY
TOKEN_PRINT
TOKEN_STRING_LITERAL a < 5 
TOKEN_SEMICOLON
TOKEN_L_CURLY
TOKEN_IF
TOKEN_L_PAREN
TOKEN_IDENTIFIER a 
TOKEN_EQUIV
TOKEN_INTEGER_LITERAL 5 
TOKEN_R_PAREN
TOKEN_R_CURLY
TOKEN_PRINT
TOKEN_STRING_LITERAL a == 5 
TOKEN_SEMICOLON
TOKEN_L_CURLY
TOKEN_IF
TOKEN_L_PAREN
TOKEN_IDENTIFIER a 
TOKEN_NOT_EQUIV
TOKEN_INTEGER_LITERAL 5 
TOKEN_R_PAREN
TOKEN_R_CURLY
TOKEN_PRINT
TOKEN_STRING_LITERAL a != 5 
TOKEN_SEMICOLON
TOKEN_L_CURLY
TOKEN_IDENTIFIER a 
TOKEN_ASSIGNMENT
TOKEN_INTEGER_LITERAL 5 
TOKEN_SEMICOLON
TOKEN_IF
TOKEN_L_PAREN
TOKEN_IDENTIFIER a 
TOKEN_LOGIC_OR
TOKEN_IDENTIFIER b 
TOKEN_R_PAREN
TOKEN_R_CURLY
TOKEN_PRINT
TOKEN_STRING_LITERAL  a || b is true 
TOKEN_SEMICOLON
TOKEN_L_CURLY
TOKEN_IF
TOKEN_L_PAREN
TOKEN_IDENTIFIER a 
TOKEN_LOGIC_AND
TOKEN_IDENTIFIER b 
TOKEN_R_PAREN
TOKEN_R_CURLY
TOKEN_PRINT
TOKEN_STRING_LITERAL  a && b is true 
TOKEN_SEMICOLON
TOKEN_L_CURLY
