TOKEN_IDENTIFIER z 
TOKEN_ASSIGNMENT
TOKEN_SUB
TOKEN_L_PAREN
TOKEN_INTEGER_LITERAL 5 
TOKEN_MULT
TOKEN_INTEGER_LITERAL 4 
TOKEN_R_PAREN
TOKEN_SEMICOLON
TOKEN_IDENTIFIER z 
TOKEN_ASSIGNMENT
TOKEN_INTEGER_LITERAL 15 
TOKEN_ADD
TOKEN_INTEGER_LITERAL 5 
TOKEN_SUB
TOKEN_INTEGER_LITERAL 4 
TOKEN_MULT
TOKEN_INTEGER_LITERAL 3 
TOKEN_DIVIDE
TOKEN_INTEGER_LITERAL 7 
TOKEN_SEMICOLON
TOKEN_IDENTIFIER z 
TOKEN_ASSIGNMENT
TOKEN_IDENTIFIER x 
TOKEN_ADD
TOKEN_L_PAREN
TOKEN_IDENTIFIER y 
TOKEN_MULT
TOKEN_INTEGER_LITERAL 5 
TOKEN_SUB
TOKEN_L_PAREN
TOKEN_INTEGER_LITERAL 4 
TOKEN_ADD
TOKEN_INTEGER_LITERAL 20 
TOKEN_DIVIDE
TOKEN_IDENTIFIER v 
TOKEN_R_PAREN
TOKEN_SUB
TOKEN_INTEGER_LITERAL 15 
TOKEN_R_PAREN
TOKEN_MOD
TOKEN_INTEGER_LITERAL 6 
TOKEN_ADD
TOKEN_IDENTIFIER z 
TOKEN_SEMICOLON
TOKEN_IDENTIFIER z 
TOKEN_POST_INC
TOKEN_ADD
TOKEN_SEMICOLON
TOKEN_IDENTIFIER w 
TOKEN_POST_DEC
TOKEN_SUB
TOKEN_SEMICOLON
