TOKEN_IDENTIFIER main 
TOKEN_COLON
TOKEN_FUNCTION
TOKEN_INTEGER
TOKEN_L_PAREN
TOKEN_IDENTIFIER argc 
TOKEN_COLON
TOKEN_INTEGER
TOKEN_COMMA
TOKEN_IDENTIFIER argv 
TOKEN_COLON
TOKEN_ARRAY
TOKEN_L_SUB
TOKEN_R_SUB
TOKEN_STRING
TOKEN_R_PAREN
TOKEN_ASSIGNMENT
TOKEN_R_CURLY
TOKEN_L_CURLY
TOKEN_IDENTIFIER boolFunction 
TOKEN_COLON
TOKEN_FUNCTION
TOKEN_BOOLEAN
TOKEN_L_PAREN
TOKEN_IDENTIFIER intVar 
TOKEN_COLON
TOKEN_INTEGER
TOKEN_R_PAREN
TOKEN_ASSIGNMENT
TOKEN_R_CURLY
TOKEN_RETURN
TOKEN_IDENTIFIER intVar 
TOKEN_GT
TOKEN_INTEGER_LITERAL 5 
TOKEN_SEMICOLON
TOKEN_L_CURLY
TOKEN_IDENTIFIER intFunction 
TOKEN_COLON
TOKEN_FUNCTION
TOKEN_INTEGER
TOKEN_L_PAREN
TOKEN_INTEGER
TOKEN_IDENTIFIER n 
TOKEN_R_PAREN
TOKEN_ASSIGNMENT
TOKEN_R_CURLY
TOKEN_IDENTIFIER total 
TOKEN_COLON
TOKEN_INTEGER
TOKEN_ASSIGNMENT
TOKEN_INTEGER_LITERAL 0 
TOKEN_SEMICOLON
TOKEN_IDENTIFIER int 
TOKEN_IDENTIFIER count 
TOKEN_SEMICOLON
TOKEN_FOR
TOKEN_L_PAREN
TOKEN_IDENTIFIER count 
TOKEN_ASSIGNMENT
TOKEN_INTEGER_LITERAL 0 
TOKEN_SEMICOLON
TOKEN_IDENTIFIER count 
TOKEN_LT
TOKEN_IDENTIFIER n 
TOKEN_INTEGER_LITERAL +1 
TOKEN_SEMICOLON
TOKEN_IDENTIFIER count 
TOKEN_POST_INC
TOKEN_R_PAREN
TOKEN_R_CURLY
TOKEN_IDENTIFIER total 
TOKEN_ASSIGNMENT
TOKEN_IDENTIFIER total 
TOKEN_ADD
TOKEN_IDENTIFIER count 
TOKEN_SEMICOLON
TOKEN_L_CURLY
