TOKEN_IDENTIFIER x 
TOKEN_COLON
TOKEN_INTEGER
TOKEN_SEMICOLON
TOKEN_FOR
TOKEN_L_PAREN
TOKEN_IDENTIFIER x 
TOKEN_ASSIGNMENT
TOKEN_INTEGER_LITERAL 0 
TOKEN_SEMICOLON
TOKEN_IDENTIFIER x 
TOKEN_LT
TOKEN_INTEGER_LITERAL 5 
TOKEN_SEMICOLON
TOKEN_IDENTIFIER x 
TOKEN_POST_INC
TOKEN_R_PAREN
TOKEN_R_CURLY
TOKEN_PRINT
TOKEN_STRING_LITERAL counting:  
TOKEN_COMMA
TOKEN_IDENTIFIER x 
TOKEN_SEMICOLON
TOKEN_L_CURLY
TOKEN_IDENTIFIER a 
TOKEN_COLON
TOKEN_INTEGER
TOKEN_ASSIGNMENT
TOKEN_INTEGER_LITERAL 0 
TOKEN_SEMICOLON
TOKEN_WHILE
TOKEN_L_PAREN
TOKEN_IDENTIFIER a 
TOKEN_GT
TOKEN_INTEGER_LITERAL 0 
TOKEN_R_PAREN
TOKEN_R_CURLY
TOKEN_IDENTIFIER a 
TOKEN_POST_DEC
TOKEN_SEMICOLON
TOKEN_L_CURLY
