TOKEN_IDENTIFIER bool 
TOKEN_COLON
TOKEN_BOOLEAN
TOKEN_ASSIGNMENT
TOKEN_TRUE
TOKEN_SEMICOLON
TOKEN_IDENTIFIER bool 
TOKEN_COLON
TOKEN_BOOLEAN
TOKEN_ASSIGNMENT
TOKEN_FALSE
TOKEN_SEMICOLON
TOKEN_IDENTIFIER bool 
TOKEN_ASSIGNMENT
TOKEN_INTEGER_LITERAL 5 
TOKEN_GT
TOKEN_INTEGER_LITERAL 4 
TOKEN_SEMICOLON
