TOKEN_IDENTIFIER number 
TOKEN_COLON
TOKEN_INTEGER
TOKEN_SEMICOLON
TOKEN_IDENTIFIER number 
TOKEN_ASSIGNMENT
TOKEN_INTEGER_LITERAL 56 
TOKEN_SEMICOLON
TOKEN_IDENTIFIER number 
TOKEN_ASSIGNMENT
TOKEN_INTEGER_LITERAL -56 
TOKEN_SEMICOLON
TOKEN_IDENTIFIER number 
TOKEN_ASSIGNMENT
TOKEN_INTEGER_LITERAL +56 
TOKEN_SEMICOLON
TOKEN_IDENTIFIER number 
TOKEN_ASSIGNMENT
TOKEN_INTEGER_LITERAL 0005006 
TOKEN_SEMICOLON
TOKEN_IDENTIFIER number 
TOKEN_ASSIGNMENT
TOKEN_INTEGER_LITERAL +0005006 
TOKEN_SEMICOLON
TOKEN_IDENTIFIER number 
TOKEN_ASSIGNMENT
TOKEN_INTEGER_LITERAL -00005000 
TOKEN_INTEGER_LITERAL 6 
TOKEN_SEMICOLON
