TOKEN_IDENTIFIER intFunction 
TOKEN_COLON
TOKEN_FUNCTION
TOKEN_INTEGER
TOKEN_L_PAREN
TOKEN_IDENTIFIER intVar 
TOKEN_COLON
TOKEN_INTEGER
TOKEN_COMMA
TOKEN_IDENTIFIER boolVar 
TOKEN_COLON
TOKEN_BOOLEAN
TOKEN_R_PAREN
TOKEN_R_CURLY
TOKEN_IF
TOKEN_L_PAREN
TOKEN_IDENTIFIER boolVar 
TOKEN_R_PAREN
TOKEN_R_CURLY
TOKEN_IDENTIFIER intVar 
TOKEN_ASSIGNMENT
TOKEN_IDENTIFIER intVar 
TOKEN_MULT
TOKEN_INTEGER_LITERAL 2 
TOKEN_SEMICOLON
TOKEN_L_CURLY
TOKEN_RETURN
TOKEN_IDENTIFIER intVar 
TOKEN_SEMICOLON
TOKEN_L_CURLY
TOKEN_IDENTIFIER getLargest 
TOKEN_COLON
TOKEN_FUNCTION
TOKEN_INTEGER
TOKEN_L_PAREN
TOKEN_IDENTIFIER intArrVar 
TOKEN_COLON
TOKEN_ARRAY
TOKEN_L_SUB
TOKEN_R_SUB
TOKEN_INTEGER
TOKEN_COMMA
TOKEN_IDENTIFIER int 
TOKEN_IDENTIFIER len 
TOKEN_R_PAREN
TOKEN_ASSIGNMENT
TOKEN_R_CURLY
TOKEN_IDENTIFIER largest 
TOKEN_COLON
TOKEN_INTEGER
TOKEN_ASSIGNMENT
TOKEN_INTEGER_LITERAL 0 
TOKEN_SEMICOLON
TOKEN_IDENTIFIER x 
TOKEN_COLON
TOKEN_INTEGER
TOKEN_SEMICOLON
TOKEN_FOR
TOKEN_L_PAREN
TOKEN_IDENTIFIER x 
TOKEN_ASSIGNMENT
TOKEN_INTEGER_LITERAL 0 
TOKEN_SEMICOLON
TOKEN_IDENTIFIER x 
TOKEN_LT
TOKEN_IDENTIFIER len 
TOKEN_SEMICOLON
TOKEN_IDENTIFIER x 
TOKEN_POST_INC
TOKEN_R_PAREN
TOKEN_R_CURLY
TOKEN_IF
TOKEN_L_PAREN
TOKEN_IDENTIFIER intArrVar 
TOKEN_L_SUB
TOKEN_IDENTIFIER x 
TOKEN_R_SUB
TOKEN_GT
TOKEN_IDENTIFIER largest 
TOKEN_R_PAREN
TOKEN_R_CURLY
TOKEN_IDENTIFIER largest 
TOKEN_ASSIGNMENT
TOKEN_IDENTIFIER intArrVar 
TOKEN_L_SUB
TOKEN_IDENTIFIER x 
TOKEN_R_SUB
TOKEN_SEMICOLON
TOKEN_L_CURLY
TOKEN_L_CURLY
TOKEN_RETURN
TOKEN_IDENTIFIER largest 
TOKEN_SEMICOLON
TOKEN_L_CURLY
TOKEN_IDENTIFIER main 
TOKEN_COLON
TOKEN_FUNCTION
TOKEN_INTEGER
TOKEN_L_PAREN
TOKEN_IDENTIFIER argc 
TOKEN_COLON
TOKEN_INTEGER
TOKEN_COMMA
TOKEN_IDENTIFIER argv 
TOKEN_COLON
TOKEN_ARRAY
TOKEN_L_SUB
TOKEN_R_SUB
TOKEN_STRING
TOKEN_R_PAREN
TOKEN_ASSIGNMENT
TOKEN_R_CURLY
TOKEN_IDENTIFIER b 
TOKEN_COLON
TOKEN_ARRAY
TOKEN_L_SUB
TOKEN_INTEGER_LITERAL 10 
TOKEN_R_SUB
TOKEN_INTEGER
TOKEN_ASSIGNMENT
TOKEN_R_CURLY
TOKEN_INTEGER_LITERAL 0 
TOKEN_COMMA
TOKEN_INTEGER_LITERAL 1 
TOKEN_COMMA
TOKEN_INTEGER_LITERAL 2 
TOKEN_COMMA
TOKEN_INTEGER_LITERAL 3 
TOKEN_COMMA
TOKEN_INTEGER_LITERAL 4 
TOKEN_COMMA
TOKEN_INTEGER_LITERAL 5 
TOKEN_L_CURLY
TOKEN_SEMICOLON
TOKEN_IDENTIFIER b 
TOKEN_L_SUB
TOKEN_INTEGER_LITERAL 4 
TOKEN_R_SUB
TOKEN_ASSIGNMENT
TOKEN_INTEGER_LITERAL 6 
TOKEN_SEMICOLON
TOKEN_IDENTIFIER i 
TOKEN_COLON
TOKEN_INTEGER
TOKEN_SEMICOLON
TOKEN_IDENTIFIER z 
TOKEN_COLON
TOKEN_INTEGER
TOKEN_ASSIGNMENT
TOKEN_IDENTIFIER intFunction 
TOKEN_L_PAREN
TOKEN_IDENTIFIER i 
TOKEN_COMMA
TOKEN_TRUE
TOKEN_R_PAREN
TOKEN_SEMICOLON
TOKEN_PRINT
TOKEN_IDENTIFIER intArrFunction 
TOKEN_L_PAREN
TOKEN_IDENTIFIER v 
TOKEN_COMMA
TOKEN_IDENTIFIER z 
TOKEN_R_PAREN
TOKEN_SEMICOLON
TOKEN_L_CURLY
