TOKEN_IDENTIFIER str 
TOKEN_COLON
TOKEN_STRING
TOKEN_ASSIGNMENT
TOKEN_STRING_LITERAL  
TOKEN_SEMICOLON
TOKEN_IDENTIFIER str 
TOKEN_COLON
TOKEN_STRING
TOKEN_ASSIGNMENT
TOKEN_STRING_LITERAL we can write an escaped backslash \ 
TOKEN_SEMICOLON
TOKEN_STRING_LITERAL  "this is a unique test case "  
TOKEN_SEMICOLON
TOKEN_STRING_LITERAL  
 t  
TOKEN_STRING_LITERAL e r y 
TOKEN_IDENTIFIER str 
TOKEN_COLON
TOKEN_STRING
TOKEN_ASSIGNMENT
TOKEN_STRING_LITERAL single qoute ' or '  
TOKEN_SEMICOLON
TOKEN_IDENTIFIER str 
TOKEN_COLON
TOKEN_STRING
TOKEN_ASSIGNMENT
TOKEN_STRING_LITERAL  double qoute "  
TOKEN_SEMICOLON
