TOKEN_IDENTIFIER character 
TOKEN_COLON
TOKEN_CHARACTER
TOKEN_ASSIGNMENT
TOKEN_CHARACTER_LITERAL c 
TOKEN_SEMICOLON
TOKEN_IDENTIFIER character 
TOKEN_COLON
TOKEN_CHARACTER
TOKEN_ASSIGNMENT
TOKEN_CHARACTER_LITERAL 
 
TOKEN_SEMICOLON
TOKEN_IDENTIFIER character 
TOKEN_COLON
TOKEN_CHARACTER
TOKEN_ASSIGNMENT
TOKEN_CHARACTER_LITERAL  
TOKEN_SEMICOLON
TOKEN_IDENTIFIER character 
TOKEN_ASSIGNMENT
TOKEN_CHARACTER_LITERAL 6 
TOKEN_SEMICOLON
TOKEN_IDENTIFIER character 
TOKEN_ASSIGNMENT
TOKEN_CHARACTER_LITERAL c 
TOKEN_IDENTIFIER character 
TOKEN_ASSIGNMENT
TOKEN_CHARACTER_LITERAL t 
