TOKEN_IDENTIFIER z 
TOKEN_ASSIGNMENT
TOKEN_SUB
TOKEN_IDENTIFIER x 
TOKEN_SEMICOLON
TOKEN_IDENTIFIER x 
TOKEN_EXP
TOKEN_INTEGER_LITERAL 2 
TOKEN_SEMICOLON
TOKEN_IDENTIFIER x 
TOKEN_EXP
TOKEN_INTEGER_LITERAL 2 
TOKEN_IDENTIFIER z 
TOKEN_NOT_EQUIV
TOKEN_IDENTIFIER x 
TOKEN_MOD
TOKEN_INTEGER_LITERAL 2 
TOKEN_IDENTIFIER z 
TOKEN_ASSIGNMENT
TOKEN_INTEGER_LITERAL 5 
TOKEN_ADD
TOKEN_INTEGER_LITERAL 6 
TOKEN_SEMICOLON
TOKEN_IDENTIFIER z 
TOKEN_ASSIGNMENT
TOKEN_INTEGER_LITERAL 5 
TOKEN_MULT
TOKEN_INTEGER_LITERAL 6 
TOKEN_SEMICOLON
TOKEN_IDENTIFIER z 
TOKEN_ASSIGNMENT
TOKEN_INTEGER_LITERAL 5 
TOKEN_SUB
TOKEN_INTEGER_LITERAL 6 
TOKEN_SEMICOLON
TOKEN_IDENTIFIER z 
TOKEN_ASSIGNMENT
TOKEN_INTEGER_LITERAL 5 
TOKEN_DIVIDE
TOKEN_INTEGER_LITERAL 6 
TOKEN_SEMICOLON
TOKEN_IDENTIFIER q 
TOKEN_POST_INC
TOKEN_SEMICOLON
TOKEN_IDENTIFIER z 
TOKEN_POST_DEC
TOKEN_SEMICOLON
TOKEN_IDENTIFIER z 
TOKEN_ASSIGNMENT
TOKEN_INTEGER_LITERAL 7 
TOKEN_ADD
TOKEN_INTEGER_LITERAL 7 
TOKEN_SUB
TOKEN_IDENTIFIER z 
TOKEN_SEMICOLON
