TOKEN_STRING_LITERAL This is a string 
TOKEN_STRING_LITERAL Notre 
 Dame 
TOKEN_STRING_LITERAL   
TOKEN_STRING_LITERAL  string with numbers 3213 
TOKEN_STRING_LITERAL String with @@ works in the program 
TOKEN_STRING_LITERAL  
