TOKEN_IDENTIFIER str 
TOKEN_COLON
TOKEN_STRING
TOKEN_ASSIGNMENT
TOKEN_STRING_LITERAL  
TOKEN_SEMICOLON
TOKEN_IDENTIFIER str 
TOKEN_COLON
TOKEN_STRING
TOKEN_ASSIGNMENT
TOKEN_STRING_LITERAL hello this is a string! 
TOKEN_SEMICOLON
TOKEN_IDENTIFIER str 
TOKEN_COLON
TOKEN_STRING
TOKEN_ASSIGNMENT
TOKEN_STRING_LITERAL hello this is 1 a string! 
TOKEN_SEMICOLON
TOKEN_IDENTIFIER str 
TOKEN_COLON
TOKEN_STRING
TOKEN_ASSIGNMENT
TOKEN_STRING_LITERAL 11234567891123456789112345678911234567891123456789112345678911234567891123456789112345678911234567891123456789112345678911234567891123456789112345678911234567 
