TOKEN_IDENTIFIER f 
TOKEN_COLON
TOKEN_ARRAY
TOKEN_L_SUB
TOKEN_INTEGER_LITERAL 5 
TOKEN_R_SUB
TOKEN_INTEGER
TOKEN_ASSIGNMENT
TOKEN_R_CURLY
TOKEN_INTEGER_LITERAL 1 
TOKEN_COMMA
TOKEN_INTEGER_LITERAL 2 
TOKEN_COMMA
TOKEN_INTEGER_LITERAL 3 
TOKEN_COMMA
TOKEN_INTEGER_LITERAL 4 
TOKEN_COMMA
TOKEN_INTEGER_LITERAL 5 
TOKEN_L_CURLY
TOKEN_SEMICOLON
TOKEN_IDENTIFIER f 
TOKEN_COLON
TOKEN_ARRAY
TOKEN_L_SUB
TOKEN_INTEGER_LITERAL 5 
TOKEN_R_SUB
TOKEN_CHARACTER
TOKEN_ASSIGNMENT
TOKEN_R_CURLY
TOKEN_CHARACTER_LITERAL a 
TOKEN_COMMA
TOKEN_CHARACTER_LITERAL b 
TOKEN_COMMA
TOKEN_CHARACTER_LITERAL c 
TOKEN_COMMA
TOKEN_CHARACTER_LITERAL d 
TOKEN_COMMA
TOKEN_CHARACTER_LITERAL e 
TOKEN_L_CURLY
TOKEN_SEMICOLON
TOKEN_IDENTIFIER f 
TOKEN_COLON
TOKEN_ARRAY
TOKEN_L_SUB
TOKEN_INTEGER_LITERAL 5 
TOKEN_R_SUB
TOKEN_BOOLEAN
TOKEN_ASSIGNMENT
TOKEN_R_CURLY
TOKEN_FALSE
TOKEN_COMMA
TOKEN_FALSE
TOKEN_COMMA
TOKEN_TRUE
TOKEN_COMMA
TOKEN_TRUE
TOKEN_COMMA
TOKEN_TRUE
TOKEN_L_CURLY
TOKEN_SEMICOLON
TOKEN_IDENTIFIER f 
TOKEN_COLON
TOKEN_ARRAY
TOKEN_L_SUB
TOKEN_R_SUB
TOKEN_STRING
TOKEN_ASSIGNMENT
TOKEN_R_CURLY
TOKEN_STRING_LITERAL this 
TOKEN_COMMA
TOKEN_STRING_LITERAL i 
TOKEN_COMMA
TOKEN_STRING_LITERAL s 
TOKEN_COMMA
TOKEN_STRING_LITERAL a, 
TOKEN_COMMA
TOKEN_STRING_LITERAL test 
TOKEN_COMMA
TOKEN_STRING_LITERAL . 
TOKEN_L_CURLY
TOKEN_SEMICOLON
